// Vitest Snapshot v1, https://vitest.dev/guide/snapshot.html

exports[`App rendered. Show loader on initial app load 1`] = `
<div
  className="sc-kpDqfm jIHaRp"
>
  <svg
    height="200px"
    preserveAspectRatio="xMidYMid"
    style={
      {
        "background": "rgb(255, 255, 255)",
        "display": "block",
        "margin": "auto",
        "shapeRendering": "auto",
      }
    }
    viewBox="0 0 100 100"
    width="200px"
    xmlns="http://www.w3.org/2000/svg"
    xmlnsXlink="http://www.w3.org/1999/xlink"
  >
    <circle
      cx={50}
      cy={50}
      fill="none"
      r={35}
      stroke="#fee715"
      strokeDasharray="164.93361431346415 56.97787143782138"
      strokeWidth={10}
    >
      <animateTransform
        attributeName="transform"
        dur="1s"
        keyTimes="0;1"
        repeatCount="indefinite"
        type="rotate"
        values="0 50 50;360 50 50"
      />
    </circle>
  </svg>
</div>
`;
